ABCDEFGHIJKLMNOPQRSTUVWXYZ
ΑΒΓΔΕΖΗΘΙΚΛΜΝΞΟΠΡΣΤΥΦΧΨΩ

Αα
Άα
Βα
Εα
Έα
Ηα
Ια
Ία
Κα
Μα
Να
Οα
Όα
Ρα
Τα
Χα
Υα